Executing ../stencil_no_cmc -L ../../../cmc/ -b 16 -c 4 -d 20 -l 4 -m 64 -n 1 -q 64 -v 32 -x 128 -i 8 -j 8 -k 8 -t 16 -C 2.0 -o 2
SUCCESS : INITIALIZED HMCSIM
SUCCESS : INITIALIZED LINK 0
SUCCESS : INITIALIZED LINK 1
SUCCESS : INITIALIZED LINK 2
SUCCESS : INITIALIZED LINK 3
SUCCESS : INITIALIZED MAX BLOCK SIZE
SUCCESS : INITIALIZED DRAM LATENCY
...INITIALIZING TRACE FILE
SUCCESS : INITIALIZED TRACE HANDLERS
BEGINNING EXECUTION
GENERATING REQUEST ADDRESSES FOR ARRAY OF SIZE: 512
SUCCESSFULLY CREATED 216 REQUEST ADDRESSES
BEGIN SIMULATION
COMPLETED TEST IN 37298 CYCLES
Stencil reads: 216
Bytes read: 7040 bytes
Bytes written: 216 bytes
Simulated time: 18.6490 us
SUCCESS : FREE'D HMCSIM
Executing ../stencil_no_cmc -L ../../../cmc/ -b 16 -c 4 -d 20 -l 4 -m 64 -n 1 -q 64 -v 32 -x 128 -i 16 -j 16 -k 16 -t 16 -C 2.0 -o 2
SUCCESS : INITIALIZED HMCSIM
SUCCESS : INITIALIZED LINK 0
SUCCESS : INITIALIZED LINK 1
SUCCESS : INITIALIZED LINK 2
SUCCESS : INITIALIZED LINK 3
SUCCESS : INITIALIZED MAX BLOCK SIZE
SUCCESS : INITIALIZED DRAM LATENCY
...INITIALIZING TRACE FILE
SUCCESS : INITIALIZED TRACE HANDLERS
BEGINNING EXECUTION
GENERATING REQUEST ADDRESSES FOR ARRAY OF SIZE: 4096
SUCCESSFULLY CREATED 2744 REQUEST ADDRESSES
BEGIN SIMULATION
COMPLETED TEST IN 509738 CYCLES
Stencil reads: 2744
Bytes read: 89536 bytes
Bytes written: 2744 bytes
Simulated time: 254.8690 us
SUCCESS : FREE'D HMCSIM
Executing ../stencil_no_cmc -L ../../../cmc/ -b 16 -c 4 -d 20 -l 4 -m 64 -n 1 -q 64 -v 32 -x 128 -i 24 -j 24 -k 24 -t 16 -C 2.0 -o 2
SUCCESS : INITIALIZED HMCSIM
SUCCESS : INITIALIZED LINK 0
SUCCESS : INITIALIZED LINK 1
SUCCESS : INITIALIZED LINK 2
SUCCESS : INITIALIZED LINK 3
SUCCESS : INITIALIZED MAX BLOCK SIZE
SUCCESS : INITIALIZED DRAM LATENCY
...INITIALIZING TRACE FILE
SUCCESS : INITIALIZED TRACE HANDLERS
BEGINNING EXECUTION
GENERATING REQUEST ADDRESSES FOR ARRAY OF SIZE: 13824
SUCCESSFULLY CREATED 10648 REQUEST ADDRESSES
BEGIN SIMULATION
COMPLETED TEST IN 1994762 CYCLES
Stencil reads: 10648
Bytes read: 347584 bytes
Bytes written: 10648 bytes
Simulated time: 997.3810 us
SUCCESS : FREE'D HMCSIM
Executing ../stencil_no_cmc -L ../../../cmc/ -b 16 -c 4 -d 20 -l 4 -m 64 -n 1 -q 64 -v 32 -x 128 -i 32 -j 32 -k 32 -t 16 -C 2.0 -o 2
SUCCESS : INITIALIZED HMCSIM
SUCCESS : INITIALIZED LINK 0
SUCCESS : INITIALIZED LINK 1
SUCCESS : INITIALIZED LINK 2
SUCCESS : INITIALIZED LINK 3
SUCCESS : INITIALIZED MAX BLOCK SIZE
SUCCESS : INITIALIZED DRAM LATENCY
...INITIALIZING TRACE FILE
SUCCESS : INITIALIZED TRACE HANDLERS
BEGINNING EXECUTION
GENERATING REQUEST ADDRESSES FOR ARRAY OF SIZE: 32768
SUCCESSFULLY CREATED 27000 REQUEST ADDRESSES
BEGIN SIMULATION
COMPLETED TEST IN 5066459 CYCLES
Stencil reads: 27000
Bytes read: 881248 bytes
Bytes written: 27000 bytes
Simulated time: 2533.2295 us
SUCCESS : FREE'D HMCSIM
Executing ../stencil_no_cmc -L ../../../cmc/ -b 16 -c 4 -d 20 -l 4 -m 64 -n 1 -q 64 -v 32 -x 128 -i 40 -j 40 -k 40 -t 16 -C 2.0 -o 2
SUCCESS : INITIALIZED HMCSIM
SUCCESS : INITIALIZED LINK 0
SUCCESS : INITIALIZED LINK 1
SUCCESS : INITIALIZED LINK 2
SUCCESS : INITIALIZED LINK 3
SUCCESS : INITIALIZED MAX BLOCK SIZE
SUCCESS : INITIALIZED DRAM LATENCY
...INITIALIZING TRACE FILE
SUCCESS : INITIALIZED TRACE HANDLERS
BEGINNING EXECUTION
GENERATING REQUEST ADDRESSES FOR ARRAY OF SIZE: 64000
SUCCESSFULLY CREATED 54872 REQUEST ADDRESSES
BEGIN SIMULATION
COMPLETED TEST IN 10302266 CYCLES
Stencil reads: 54872
Bytes read: 1790912 bytes
Bytes written: 54872 bytes
Simulated time: 5151.1330 us
SUCCESS : FREE'D HMCSIM
Executing ../stencil_no_cmc -L ../../../cmc/ -b 16 -c 4 -d 20 -l 4 -m 64 -n 1 -q 64 -v 32 -x 128 -i 48 -j 48 -k 48 -t 16 -C 2.0 -o 2
SUCCESS : INITIALIZED HMCSIM
SUCCESS : INITIALIZED LINK 0
SUCCESS : INITIALIZED LINK 1
SUCCESS : INITIALIZED LINK 2
SUCCESS : INITIALIZED LINK 3
SUCCESS : INITIALIZED MAX BLOCK SIZE
SUCCESS : INITIALIZED DRAM LATENCY
...INITIALIZING TRACE FILE
SUCCESS : INITIALIZED TRACE HANDLERS
BEGINNING EXECUTION
GENERATING REQUEST ADDRESSES FOR ARRAY OF SIZE: 110592
SUCCESSFULLY CREATED 97336 REQUEST ADDRESSES
BEGIN SIMULATION
COMPLETED TEST IN 18279155 CYCLES
Stencil reads: 97336
Bytes read: 3176800 bytes
Bytes written: 97336 bytes
Simulated time: 9139.5775 us
SUCCESS : FREE'D HMCSIM
Executing ../stencil_no_cmc -L ../../../cmc/ -b 16 -c 4 -d 20 -l 4 -m 64 -n 1 -q 64 -v 32 -x 128 -i 56 -j 56 -k 56 -t 16 -C 2.0 -o 2
SUCCESS : INITIALIZED HMCSIM
SUCCESS : INITIALIZED LINK 0
SUCCESS : INITIALIZED LINK 1
SUCCESS : INITIALIZED LINK 2
SUCCESS : INITIALIZED LINK 3
SUCCESS : INITIALIZED MAX BLOCK SIZE
SUCCESS : INITIALIZED DRAM LATENCY
...INITIALIZING TRACE FILE
SUCCESS : INITIALIZED TRACE HANDLERS
BEGINNING EXECUTION
GENERATING REQUEST ADDRESSES FOR ARRAY OF SIZE: 175616
SUCCESSFULLY CREATED 157464 REQUEST ADDRESSES
BEGIN SIMULATION
COMPLETED TEST IN 29575028 CYCLES
Stencil reads: 157464
Bytes read: 5139296 bytes
Bytes written: 157464 bytes
Simulated time: 14787.5140 us
SUCCESS : FREE'D HMCSIM
Executing ../stencil_no_cmc -L ../../../cmc/ -b 16 -c 4 -d 20 -l 4 -m 64 -n 1 -q 64 -v 32 -x 128 -i 64 -j 64 -k 64 -t 16 -C 2.0 -o 2
SUCCESS : INITIALIZED HMCSIM
SUCCESS : INITIALIZED LINK 0
SUCCESS : INITIALIZED LINK 1
SUCCESS : INITIALIZED LINK 2
SUCCESS : INITIALIZED LINK 3
SUCCESS : INITIALIZED MAX BLOCK SIZE
SUCCESS : INITIALIZED DRAM LATENCY
...INITIALIZING TRACE FILE
SUCCESS : INITIALIZED TRACE HANDLERS
BEGINNING EXECUTION
GENERATING REQUEST ADDRESSES FOR ARRAY OF SIZE: 262144
SUCCESSFULLY CREATED 238328 REQUEST ADDRESSES
BEGIN SIMULATION
COMPLETED TEST IN 44765183 CYCLES
Stencil reads: 238328
Bytes read: 7778464 bytes
Bytes written: 238328 bytes
Simulated time: 22382.5915 us
SUCCESS : FREE'D HMCSIM
