Executing ../stencil_no_cmc -L ../../../cmc/ -b 16 -c 4 -d 20 -l 4 -m 64 -n 1 -q 64 -v 32 -x 128 -i 56 -j 56 -k 56 -t 16 -C 2.0 -o 2
SUCCESS : INITIALIZED HMCSIM
SUCCESS : INITIALIZED LINK 0
SUCCESS : INITIALIZED LINK 1
SUCCESS : INITIALIZED LINK 2
SUCCESS : INITIALIZED LINK 3
SUCCESS : INITIALIZED MAX BLOCK SIZE
SUCCESS : INITIALIZED DRAM LATENCY
...INITIALIZING TRACE FILE
SUCCESS : INITIALIZED TRACE HANDLERS
BEGINNING EXECUTION
GENERATING REQUEST ADDRESSES FOR ARRAY OF SIZE: 175616
SUCCESSFULLY CREATED 157464 REQUEST ADDRESSES
BEGIN SIMULATION
COMPLETED TEST IN 29456639 CYCLES
Stencil reads: 157464
Bytes read: 5098624 bytes
Bytes written: 157464 bytes
Simulated time: 14728.3195 us
SUCCESS : FREE'D HMCSIM
