Executing ../stencil_no_cmc -L ../../../cmc/ -b 16 -c 4 -d 20 -l 4 -m 64 -n 1 -q 64 -v 32 -x 128 -i 24 -j 24 -k 24 -t 16 -C 2.0 -o 2
SUCCESS : INITIALIZED HMCSIM
SUCCESS : INITIALIZED LINK 0
SUCCESS : INITIALIZED LINK 1
SUCCESS : INITIALIZED LINK 2
SUCCESS : INITIALIZED LINK 3
SUCCESS : INITIALIZED MAX BLOCK SIZE
SUCCESS : INITIALIZED DRAM LATENCY
...INITIALIZING TRACE FILE
SUCCESS : INITIALIZED TRACE HANDLERS
BEGINNING EXECUTION
GENERATING REQUEST ADDRESSES FOR ARRAY OF SIZE: 13824
SUCCESSFULLY CREATED 10648 REQUEST ADDRESSES
BEGIN SIMULATION
COMPLETED TEST IN 1986764 CYCLES
Stencil reads: 10648
Bytes read: 344832 bytes
Bytes written: 10648 bytes
Simulated time: 993.3820 us
SUCCESS : FREE'D HMCSIM
