Executing ../stencil_no_cmc -L ../../../cmc/ -b 16 -c 4 -d 20 -l 4 -m 64 -n 1 -q 64 -v 32 -x 128 -i 40 -j 40 -k 40 -t 16 -C 2.0 -o 2
SUCCESS : INITIALIZED HMCSIM
SUCCESS : INITIALIZED LINK 0
SUCCESS : INITIALIZED LINK 1
SUCCESS : INITIALIZED LINK 2
SUCCESS : INITIALIZED LINK 3
SUCCESS : INITIALIZED MAX BLOCK SIZE
SUCCESS : INITIALIZED DRAM LATENCY
...INITIALIZING TRACE FILE
SUCCESS : INITIALIZED TRACE HANDLERS
BEGINNING EXECUTION
GENERATING REQUEST ADDRESSES FOR ARRAY OF SIZE: 64000
SUCCESSFULLY CREATED 54872 REQUEST ADDRESSES
BEGIN SIMULATION
COMPLETED TEST IN 10260974 CYCLES
Stencil reads: 54872
Bytes read: 1776704 bytes
Bytes written: 54872 bytes
Simulated time: 5130.4870 us
SUCCESS : FREE'D HMCSIM
