Executing ../stencil_no_cmc -L ../../../cmc/ -b 16 -c 4 -d 20 -l 4 -m 64 -n 1 -q 64 -v 32 -x 128 -i 32 -j 32 -k 32 -t 16 -C 2.0 -o 2
SUCCESS : INITIALIZED HMCSIM
SUCCESS : INITIALIZED LINK 0
SUCCESS : INITIALIZED LINK 1
SUCCESS : INITIALIZED LINK 2
SUCCESS : INITIALIZED LINK 3
SUCCESS : INITIALIZED MAX BLOCK SIZE
SUCCESS : INITIALIZED DRAM LATENCY
...INITIALIZING TRACE FILE
SUCCESS : INITIALIZED TRACE HANDLERS
BEGINNING EXECUTION
GENERATING REQUEST ADDRESSES FOR ARRAY OF SIZE: 32768
SUCCESSFULLY CREATED 27000 REQUEST ADDRESSES
BEGIN SIMULATION
COMPLETED TEST IN 5046092 CYCLES
Stencil reads: 27000
Bytes read: 874240 bytes
Bytes written: 27000 bytes
Simulated time: 2523.0460 us
SUCCESS : FREE'D HMCSIM
