Executing ../stencil_read -L ../../../cmc/ -b 16 -c 4 -d 20 -l 4 -m 64 -n 1 -q 64 -v 32 -x 128 -i 15 -j 15 -k 15 -t 16 -C 2.0 -o 2
SUCCESS : INITIALIZED HMCSIM
SUCCESS : INITIALIZED LINK 0
SUCCESS : INITIALIZED LINK 1
SUCCESS : INITIALIZED LINK 2
SUCCESS : INITIALIZED LINK 3
SUCCESS : INITIALIZED MAX BLOCK SIZE
SUCCESS : INITIALIZED DRAM LATENCY
LOADING CMC LIBRARY: /stencil_read/stencil_read_3d_1_reg/libstencil_read_3d_1.so
LOADED CMC LIBRARY: /stencil_read/stencil_read_3d_1_reg/libstencil_read_3d_1.so
LOADING CMC LIBRARY: /stencil_read/stencil_read_init/libstencil_read_init.so
LOADED CMC LIBRARY: /stencil_read/stencil_read_init/libstencil_read_init.so
...INITIALIZING TRACE FILE
SUCCESS : INITIALIZED TRACE HANDLERS
BEGINNING EXECUTION
GENERATING REQUEST ADDRESSES FOR ARRAY OF SIZE: 3375
SUCCESSFULLY CREATED 2197 REQUEST ADDRESSES
BEGIN SIMULATION
COMPLETED TEST IN 33248 CYCLES
Stencil reads: 2197
Bytes read: 175760 bytes
Bytes written: 2197 bytes
Simulated time: 16.6240 us
SUCCESS : FREE'D HMCSIM
