Executing ../stencil_read -L ../../../cmc/ -b 16 -c 4 -d 20 -l 4 -m 64 -n 1 -q 64 -v 32 -x 128 -i 35 -j 35 -k 35 -t 16 -C 2.0 -o 2
SUCCESS : INITIALIZED HMCSIM
SUCCESS : INITIALIZED LINK 0
SUCCESS : INITIALIZED LINK 1
SUCCESS : INITIALIZED LINK 2
SUCCESS : INITIALIZED LINK 3
SUCCESS : INITIALIZED MAX BLOCK SIZE
SUCCESS : INITIALIZED DRAM LATENCY
LOADING CMC LIBRARY: /stencil_read/stencil_read_3d_1_reg/libstencil_read_3d_1.so
LOADED CMC LIBRARY: /stencil_read/stencil_read_3d_1_reg/libstencil_read_3d_1.so
LOADING CMC LIBRARY: /stencil_read/stencil_read_init/libstencil_read_init.so
LOADED CMC LIBRARY: /stencil_read/stencil_read_init/libstencil_read_init.so
...INITIALIZING TRACE FILE
SUCCESS : INITIALIZED TRACE HANDLERS
BEGINNING EXECUTION
GENERATING REQUEST ADDRESSES FOR ARRAY OF SIZE: 42875
SUCCESSFULLY CREATED 35937 REQUEST ADDRESSES
BEGIN SIMULATION
COMPLETED TEST IN 496997 CYCLES
Stencil reads: 35937
Bytes read: 574992 bytes
Bytes written: 35937 bytes
Simulated time: 248.4985 us
SUCCESS : FREE'D HMCSIM
