Executing ../stencil_read -L ../../../cmc/ -b 16 -c 4 -d 20 -l 4 -m 64 -n 1 -q 64 -v 32 -x 128 -i 8 -j 8 -k 8 -t 16 -C 2.0 -o 2
SUCCESS : INITIALIZED HMCSIM
SUCCESS : INITIALIZED LINK 0
SUCCESS : INITIALIZED LINK 1
SUCCESS : INITIALIZED LINK 2
SUCCESS : INITIALIZED LINK 3
SUCCESS : INITIALIZED MAX BLOCK SIZE
SUCCESS : INITIALIZED DRAM LATENCY
LOADING CMC LIBRARY: /stencil_read/stencil_read_3d_1/libstencil_read_3d_1.so
LOADED CMC LIBRARY: /stencil_read/stencil_read_3d_1/libstencil_read_3d_1.so
LOADING CMC LIBRARY: /stencil_read/stencil_read_init/libstencil_read_init.so
LOADED CMC LIBRARY: /stencil_read/stencil_read_init/libstencil_read_init.so
...INITIALIZING TRACE FILE
SUCCESS : INITIALIZED TRACE HANDLERS
BEGINNING EXECUTION
payload[0]: 80804
payload[1]: 100ff
paylaod[2]: 0
GENERATING REQUEST ADDRESSES FOR ARRAY OF SIZE: 512
SUCCESSFULLY CREATED 216 REQUEST ADDRESSES
BEGIN SIMULATION
addr: 4d8
(0, 0, 0)
(0, 0, 1)
(0, 0, -1)
(0, 1, 0)
addr: 5d8
(0, 0, 0)
(0, 0, 1)
(0, 0, -1)
(0, 1, 0)
addr: 1d8
(0, 0, 0)
(0, 0, 1)
(0, 0, -1)
(0, 1, 0)
addr: 3d8
(0, 0, 0)
(0, 0, 1)
(0, 0, -1)
(0, 1, 0)
addr: 174
(0, 0, 0)
(0, 0, 1)
(0, 0, -1)
(0, 1, 0)
addr: 2b8
(0, 0, 0)
(0, 0, 1)
(0, 0, -1)
(0, 1, 0)
addr: 698
(0, 0, 0)
(0, 0, 1)
(0, 0, -1)
(0, 1, 0)
addr: 494
(0, 0, 0)
(0, 0, 1)
(0, 0, -1)
(0, 1, 0)
addr: 5b8
(0, 0, 0)
(0, 0, 1)
(0, 0, -1)
(0, 1, 0)
addr: 1b8
(0, 0, 0)
(0, 0, 1)
(0, 0, -1)
(0, 1, 0)
addr: 3d4
(0, 0, 0)
(0, 0, 1)
(0, 0, -1)
(0, 1, 0)
addr: 578
(0, 0, 0)
(0, 0, 1)
(0, 0, -1)
(0, 1, 0)
addr: 678
(0, 0, 0)
(0, 0, 1)
(0, 0, -1)
(0, 1, 0)
addr: 338
(0, 0, 0)
(0, 0, 1)
(0, 0, -1)
(0, 1, 0)
addr: 22c
(0, 0, 0)
(0, 0, 1)
(0, 0, -1)
(0, 1, 0)
addr: 298
(0, 0, 0)
(0, 0, 1)
(0, 0, -1)
(0, 1, 0)
addr: 498
(0, 0, 0)
(0, 0, 1)
(0, 0, -1)
(0, 1, 0)
addr: 18c
(0, 0, 0)
(0, 0, 1)
(0, 0, -1)
(0, 1, 0)
addr: 3cc
(0, 0, 0)
(0, 0, 1)
(0, 0, -1)
(0, 1, 0)
addr: 6a8
(0, 0, 0)
(0, 0, 1)
(0, 0, -1)
(0, 1, 0)
addr: 5a4
(0, 0, 0)
(0, 0, 1)
(0, 0, -1)
(0, 1, 0)
addr: 658
(0, 0, 0)
(0, 0, 1)
(0, 0, -1)
(0, 1, 0)
addr: 228
(0, 0, 0)
(0, 0, 1)
(0, 0, -1)
(0, 1, 0)
addr: 458
(0, 0, 0)
(0, 0, 1)
(0, 0, -1)
(0, 1, 0)
addr: 2c8
(0, 0, 0)
(0, 0, 1)
(0, 0, -1)
(0, 1, 0)
addr: 368
(0, 0, 0)
(0, 0, 1)
(0, 0, -1)
(0, 1, 0)
addr: 398
(0, 0, 0)
(0, 0, 1)
(0, 0, -1)
(0, 1, 0)
addr: 4a8
(0, 0, 0)
(0, 0, 1)
(0, 0, -1)
(0, 1, 0)
addr: 6d4
(0, 0, 0)
(0, 0, 1)
(0, 0, -1)
(0, 1, 0)
addr: 56c
(0, 0, 0)
(0, 0, 1)
(0, 0, -1)
(0, 1, 0)
addr: 188
(0, 0, 0)
(0, 0, 1)
(0, 0, -1)
(0, 1, 0)
addr: 258
(0, 0, 0)
(0, 0, 1)
(0, 0, -1)
(0, 1, 0)
addr: 448
(0, 0, 0)
(0, 0, 1)
(0, 0, -1)
(0, 1, 0)
addr: 5d4
(0, 0, 0)
(0, 0, 1)
(0, 0, -1)
(0, 1, 0)
addr: 36c
(0, 0, 0)
(0, 0, 1)
(0, 0, -1)
(0, 1, 0)
addr: 674
(0, 0, 0)
(0, 0, 1)
(0, 0, -1)
(0, 1, 0)
addr: 2a8
(0, 0, 0)
(0, 0, 1)
(0, 0, -1)
(0, 1, 0)
addr: 6d0
(0, 0, 0)
(0, 0, 1)
(0, 0, -1)
(0, 1, 0)
addr: 244
(0, 0, 0)
(0, 0, 1)
(0, 0, -1)
(0, 1, 0)
addr: 424
(0, 0, 0)
(0, 0, 1)
(0, 0, -1)
(0, 1, 0)
addr: 58c
(0, 0, 0)
(0, 0, 1)
(0, 0, -1)
(0, 1, 0)
addr: 1a8
(0, 0, 0)
(0, 0, 1)
(0, 0, -1)
(0, 1, 0)
addr: 6b4
(0, 0, 0)
(0, 0, 1)
(0, 0, -1)
(0, 1, 0)
addr: 328
(0, 0, 0)
(0, 0, 1)
(0, 0, -1)
(0, 1, 0)
addr: 394
(0, 0, 0)
(0, 0, 1)
(0, 0, -1)
(0, 1, 0)
addr: 474
(0, 0, 0)
(0, 0, 1)
(0, 0, -1)
(0, 1, 0)
addr: 594
(0, 0, 0)
(0, 0, 1)
(0, 0, -1)
(0, 1, 0)
addr: 134
(0, 0, 0)
(0, 0, 1)
(0, 0, -1)
(0, 1, 0)
addr: 26c
(0, 0, 0)
(0, 0, 1)
(0, 0, -1)
(0, 1, 0)
addr: 1b4
(0, 0, 0)
(0, 0, 1)
(0, 0, -1)
(0, 1, 0)
addr: 2d0
(0, 0, 0)
(0, 0, 1)
(0, 0, -1)
(0, 1, 0)
addr: 54c
(0, 0, 0)
(0, 0, 1)
(0, 0, -1)
(0, 1, 0)
addr: 434
(0, 0, 0)
(0, 0, 1)
(0, 0, -1)
(0, 1, 0)
addr: 4b0
(0, 0, 0)
(0, 0, 1)
(0, 0, -1)
(0, 1, 0)
addr: 684
(0, 0, 0)
(0, 0, 1)
(0, 0, -1)
(0, 1, 0)
addr: 334
(0, 0, 0)
(0, 0, 1)
(0, 0, -1)
(0, 1, 0)
addr: 1c8
(0, 0, 0)
(0, 0, 1)
(0, 0, -1)
(0, 1, 0)
addr: 24c
(0, 0, 0)
(0, 0, 1)
(0, 0, -1)
(0, 1, 0)
addr: 634
(0, 0, 0)
(0, 0, 1)
(0, 0, -1)
(0, 1, 0)
addr: 548
(0, 0, 0)
(0, 0, 1)
(0, 0, -1)
(0, 1, 0)
addr: 588
(0, 0, 0)
(0, 0, 1)
(0, 0, -1)
(0, 1, 0)
addr: 144
(0, 0, 0)
(0, 0, 1)
(0, 0, -1)
(0, 1, 0)
addr: 6c4
(0, 0, 0)
(0, 0, 1)
(0, 0, -1)
(0, 1, 0)
addr: 1d4
(0, 0, 0)
(0, 0, 1)
(0, 0, -1)
(0, 1, 0)
addr: 254
(0, 0, 0)
(0, 0, 1)
(0, 0, -1)
(0, 1, 0)
addr: 42c
(0, 0, 0)
(0, 0, 1)
(0, 0, -1)
(0, 1, 0)
addr: 4d0
(0, 0, 0)
(0, 0, 1)
(0, 0, -1)
(0, 1, 0)
addr: 644
(0, 0, 0)
(0, 0, 1)
(0, 0, -1)
(0, 1, 0)
addr: 28c
(0, 0, 0)
(0, 0, 1)
(0, 0, -1)
(0, 1, 0)
addr: 590
(0, 0, 0)
(0, 0, 1)
(0, 0, -1)
(0, 1, 0)
addr: 544
(0, 0, 0)
(0, 0, 1)
(0, 0, -1)
(0, 1, 0)
addr: 190
(0, 0, 0)
(0, 0, 1)
(0, 0, -1)
(0, 1, 0)
addr: 6ac
(0, 0, 0)
(0, 0, 1)
(0, 0, -1)
(0, 1, 0)
addr: 128
(0, 0, 0)
(0, 0, 1)
(0, 0, -1)
(0, 1, 0)
addr: 470
(0, 0, 0)
(0, 0, 1)
(0, 0, -1)
(0, 1, 0)
addr: 390
(0, 0, 0)
(0, 0, 1)
(0, 0, -1)
(0, 1, 0)
addr: 630
(0, 0, 0)
(0, 0, 1)
(0, 0, -1)
(0, 1, 0)
addr: 330
(0, 0, 0)
(0, 0, 1)
(0, 0, -1)
(0, 1, 0)
addr: 5b0
(0, 0, 0)
(0, 0, 1)
(0, 0, -1)
(0, 1, 0)
addr: 230
(0, 0, 0)
(0, 0, 1)
(0, 0, -1)
(0, 1, 0)
addr: 148
(0, 0, 0)
(0, 0, 1)
(0, 0, -1)
(0, 1, 0)
addr: 528
(0, 0, 0)
(0, 0, 1)
(0, 0, -1)
(0, 1, 0)
addr: 284
(0, 0, 0)
(0, 0, 1)
(0, 0, -1)
(0, 1, 0)
addr: 1b0
(0, 0, 0)
(0, 0, 1)
(0, 0, -1)
(0, 1, 0)
addr: 3a4
(0, 0, 0)
(0, 0, 1)
(0, 0, -1)
(0, 1, 0)
addr: 670
(0, 0, 0)
(0, 0, 1)
(0, 0, -1)
(0, 1, 0)
addr: 6a4
(0, 0, 0)
(0, 0, 1)
(0, 0, -1)
(0, 1, 0)
addr: 250
(0, 0, 0)
(0, 0, 1)
(0, 0, -1)
(0, 1, 0)
addr: 12c
(0, 0, 0)
(0, 0, 1)
(0, 0, -1)
(0, 1, 0)
addr: 4cc
(0, 0, 0)
(0, 0, 1)
(0, 0, -1)
(0, 1, 0)
addr: 570
(0, 0, 0)
(0, 0, 1)
(0, 0, -1)
(0, 1, 0)
addr: 2b0
(0, 0, 0)
(0, 0, 1)
(0, 0, -1)
(0, 1, 0)
addr: 430
(0, 0, 0)
(0, 0, 1)
(0, 0, -1)
(0, 1, 0)
addr: 34c
(0, 0, 0)
(0, 0, 1)
(0, 0, -1)
(0, 1, 0)
addr: 1cc
(0, 0, 0)
(0, 0, 1)
(0, 0, -1)
(0, 1, 0)
addr: 5cc
(0, 0, 0)
(0, 0, 1)
(0, 0, -1)
(0, 1, 0)
addr: 48c
(0, 0, 0)
(0, 0, 1)
(0, 0, -1)
(0, 1, 0)
addr: 668
(0, 0, 0)
(0, 0, 1)
(0, 0, -1)
(0, 1, 0)
addr: 388
(0, 0, 0)
(0, 0, 1)
(0, 0, -1)
(0, 1, 0)
addr: 168
(0, 0, 0)
(0, 0, 1)
(0, 0, -1)
(0, 1, 0)
addr: 2ac
(0, 0, 0)
(0, 0, 1)
(0, 0, -1)
(0, 1, 0)
addr: 584
(0, 0, 0)
(0, 0, 1)
(0, 0, -1)
(0, 1, 0)
addr: 68c
(0, 0, 0)
(0, 0, 1)
(0, 0, -1)
(0, 1, 0)
addr: 450
(0, 0, 0)
(0, 0, 1)
(0, 0, -1)
(0, 1, 0)
addr: 1ac
(0, 0, 0)
(0, 0, 1)
(0, 0, -1)
(0, 1, 0)
addr: 3ac
(0, 0, 0)
(0, 0, 1)
(0, 0, -1)
(0, 1, 0)
addr: 530
(0, 0, 0)
(0, 0, 1)
(0, 0, -1)
(0, 1, 0)
addr: 62c
(0, 0, 0)
(0, 0, 1)
(0, 0, -1)
(0, 1, 0)
addr: 2cc
(0, 0, 0)
(0, 0, 1)
(0, 0, -1)
(0, 1, 0)
addr: 130
(0, 0, 0)
(0, 0, 1)
(0, 0, -1)
(0, 1, 0)
addr: 6b0
(0, 0, 0)
(0, 0, 1)
(0, 0, -1)
(0, 1, 0)
addr: 264
(0, 0, 0)
(0, 0, 1)
(0, 0, -1)
(0, 1, 0)
addr: 5ac
(0, 0, 0)
(0, 0, 1)
(0, 0, -1)
(0, 1, 0)
addr: 348
(0, 0, 0)
(0, 0, 1)
(0, 0, -1)
(0, 1, 0)
addr: 654
(0, 0, 0)
(0, 0, 1)
(0, 0, -1)
(0, 1, 0)
addr: 3b4
(0, 0, 0)
(0, 0, 1)
(0, 0, -1)
(0, 1, 0)
addr: 4ac
(0, 0, 0)
(0, 0, 1)
(0, 0, -1)
(0, 1, 0)
addr: 290
(0, 0, 0)
(0, 0, 1)
(0, 0, -1)
(0, 1, 0)
addr: 688
(0, 0, 0)
(0, 0, 1)
(0, 0, -1)
(0, 1, 0)
addr: 170
(0, 0, 0)
(0, 0, 1)
(0, 0, -1)
(0, 1, 0)
addr: 554
(0, 0, 0)
(0, 0, 1)
(0, 0, -1)
(0, 1, 0)
addr: 650
(0, 0, 0)
(0, 0, 1)
(0, 0, -1)
(0, 1, 0)
addr: 3b0
(0, 0, 0)
(0, 0, 1)
(0, 0, -1)
(0, 1, 0)
addr: 44c
(0, 0, 0)
(0, 0, 1)
(0, 0, -1)
(0, 1, 0)
addr: 1a4
(0, 0, 0)
(0, 0, 1)
(0, 0, -1)
(0, 1, 0)
addr: 350
(0, 0, 0)
(0, 0, 1)
(0, 0, -1)
(0, 1, 0)
addr: 2c4
(0, 0, 0)
(0, 0, 1)
(0, 0, -1)
(0, 1, 0)
addr: 154
(0, 0, 0)
(0, 0, 1)
(0, 0, -1)
(0, 1, 0)
addr: 52c
(0, 0, 0)
(0, 0, 1)
(0, 0, -1)
(0, 1, 0)
addr: 4a4
(0, 0, 0)
(0, 0, 1)
(0, 0, -1)
(0, 1, 0)
addr: 444
(0, 0, 0)
(0, 0, 1)
(0, 0, -1)
(0, 1, 0)
addr: 374
(0, 0, 0)
(0, 0, 1)
(0, 0, -1)
(0, 1, 0)
addr: 66c
(0, 0, 0)
(0, 0, 1)
(0, 0, -1)
(0, 1, 0)
addr: 3c4
(0, 0, 0)
(0, 0, 1)
(0, 0, -1)
(0, 1, 0)
addr: 1d0
(0, 0, 0)
(0, 0, 1)
(0, 0, -1)
(0, 1, 0)
addr: 6c8
(0, 0, 0)
(0, 0, 1)
(0, 0, -1)
(0, 1, 0)
addr: 288
(0, 0, 0)
(0, 0, 1)
(0, 0, -1)
(0, 1, 0)
addr: 150
(0, 0, 0)
(0, 0, 1)
(0, 0, -1)
(0, 1, 0)
addr: 32c
(0, 0, 0)
(0, 0, 1)
(0, 0, -1)
(0, 1, 0)
addr: 5d0
(0, 0, 0)
(0, 0, 1)
(0, 0, -1)
(0, 1, 0)
addr: 568
(0, 0, 0)
(0, 0, 1)
(0, 0, -1)
(0, 1, 0)
addr: 46c
(0, 0, 0)
(0, 0, 1)
(0, 0, -1)
(0, 1, 0)
addr: 384
(0, 0, 0)
(0, 0, 1)
(0, 0, -1)
(0, 1, 0)
addr: 4c8
(0, 0, 0)
(0, 0, 1)
(0, 0, -1)
(0, 1, 0)
addr: 624
(0, 0, 0)
(0, 0, 1)
(0, 0, -1)
(0, 1, 0)
addr: 5c4
(0, 0, 0)
(0, 0, 1)
(0, 0, -1)
(0, 1, 0)
addr: 14c
(0, 0, 0)
(0, 0, 1)
(0, 0, -1)
(0, 1, 0)
addr: 344
(0, 0, 0)
(0, 0, 1)
(0, 0, -1)
(0, 1, 0)
addr: 3a8
(0, 0, 0)
(0, 0, 1)
(0, 0, -1)
(0, 1, 0)
addr: 278
(0, 0, 0)
(0, 0, 1)
(0, 0, -1)
(0, 1, 0)
addr: 488
(0, 0, 0)
(0, 0, 1)
(0, 0, -1)
(0, 1, 0)
addr: 628
(0, 0, 0)
(0, 0, 1)
(0, 0, -1)
(0, 1, 0)
addr: 1c4
(0, 0, 0)
(0, 0, 1)
(0, 0, -1)
(0, 1, 0)
addr: 164
(0, 0, 0)
(0, 0, 1)
(0, 0, -1)
(0, 1, 0)
addr: 370
(0, 0, 0)
(0, 0, 1)
(0, 0, -1)
(0, 1, 0)
addr: 248
(0, 0, 0)
(0, 0, 1)
(0, 0, -1)
(0, 1, 0)
addr: 490
(0, 0, 0)
(0, 0, 1)
(0, 0, -1)
(0, 1, 0)
addr: 694
(0, 0, 0)
(0, 0, 1)
(0, 0, -1)
(0, 1, 0)
addr: 454
(0, 0, 0)
(0, 0, 1)
(0, 0, -1)
(0, 1, 0)
addr: 534
(0, 0, 0)
(0, 0, 1)
(0, 0, -1)
(0, 1, 0)
addr: 38c
(0, 0, 0)
(0, 0, 1)
(0, 0, -1)
(0, 1, 0)
addr: 64c
(0, 0, 0)
(0, 0, 1)
(0, 0, -1)
(0, 1, 0)
addr: 5c8
(0, 0, 0)
(0, 0, 1)
(0, 0, -1)
(0, 1, 0)
addr: 6cc
(0, 0, 0)
(0, 0, 1)
(0, 0, -1)
(0, 1, 0)
addr: 194
(0, 0, 0)
(0, 0, 1)
(0, 0, -1)
(0, 1, 0)
addr: 428
(0, 0, 0)
(0, 0, 1)
(0, 0, -1)
(0, 1, 0)
addr: 484
(0, 0, 0)
(0, 0, 1)
(0, 0, -1)
(0, 1, 0)
addr: 178
(0, 0, 0)
(0, 0, 1)
(0, 0, -1)
(0, 1, 0)
addr: 2a4
(0, 0, 0)
(0, 0, 1)
(0, 0, -1)
(0, 1, 0)
addr: 238
(0, 0, 0)
(0, 0, 1)
(0, 0, -1)
(0, 1, 0)
addr: 3d0
(0, 0, 0)
(0, 0, 1)
(0, 0, -1)
(0, 1, 0)
addr: 574
(0, 0, 0)
(0, 0, 1)
(0, 0, -1)
(0, 1, 0)
addr: 5a8
(0, 0, 0)
(0, 0, 1)
(0, 0, -1)
(0, 1, 0)
addr: 664
(0, 0, 0)
(0, 0, 1)
(0, 0, -1)
(0, 1, 0)
addr: 324
(0, 0, 0)
(0, 0, 1)
(0, 0, -1)
(0, 1, 0)
addr: 4c4
(0, 0, 0)
(0, 0, 1)
(0, 0, -1)
(0, 1, 0)
addr: 224
(0, 0, 0)
(0, 0, 1)
(0, 0, -1)
(0, 1, 0)
addr: 690
(0, 0, 0)
(0, 0, 1)
(0, 0, -1)
(0, 1, 0)
addr: 468
(0, 0, 0)
(0, 0, 1)
(0, 0, -1)
(0, 1, 0)
addr: 538
(0, 0, 0)
(0, 0, 1)
(0, 0, -1)
(0, 1, 0)
addr: 124
(0, 0, 0)
(0, 0, 1)
(0, 0, -1)
(0, 1, 0)
addr: 3c8
(0, 0, 0)
(0, 0, 1)
(0, 0, -1)
(0, 1, 0)
addr: 274
(0, 0, 0)
(0, 0, 1)
(0, 0, -1)
(0, 1, 0)
addr: 294
(0, 0, 0)
(0, 0, 1)
(0, 0, -1)
(0, 1, 0)
addr: 184
(0, 0, 0)
(0, 0, 1)
(0, 0, -1)
(0, 1, 0)
addr: 648
(0, 0, 0)
(0, 0, 1)
(0, 0, -1)
(0, 1, 0)
addr: 564
(0, 0, 0)
(0, 0, 1)
(0, 0, -1)
(0, 1, 0)
addr: 158
(0, 0, 0)
(0, 0, 1)
(0, 0, -1)
(0, 1, 0)
addr: 4b4
(0, 0, 0)
(0, 0, 1)
(0, 0, -1)
(0, 1, 0)
addr: 464
(0, 0, 0)
(0, 0, 1)
(0, 0, -1)
(0, 1, 0)
addr: 5b4
(0, 0, 0)
(0, 0, 1)
(0, 0, -1)
(0, 1, 0)
addr: 364
(0, 0, 0)
(0, 0, 1)
(0, 0, -1)
(0, 1, 0)
addr: 198
(0, 0, 0)
(0, 0, 1)
(0, 0, -1)
(0, 1, 0)
addr: 268
(0, 0, 0)
(0, 0, 1)
(0, 0, -1)
(0, 1, 0)
addr: 4d4
(0, 0, 0)
(0, 0, 1)
(0, 0, -1)
(0, 1, 0)
addr: 138
(0, 0, 0)
(0, 0, 1)
(0, 0, -1)
(0, 1, 0)
addr: 598
(0, 0, 0)
(0, 0, 1)
(0, 0, -1)
(0, 1, 0)
addr: 438
(0, 0, 0)
(0, 0, 1)
(0, 0, -1)
(0, 1, 0)
addr: 558
(0, 0, 0)
(0, 0, 1)
(0, 0, -1)
(0, 1, 0)
addr: 358
(0, 0, 0)
(0, 0, 1)
(0, 0, -1)
(0, 1, 0)
addr: 2d4
(0, 0, 0)
(0, 0, 1)
(0, 0, -1)
(0, 1, 0)
addr: 16c
(0, 0, 0)
(0, 0, 1)
(0, 0, -1)
(0, 1, 0)
addr: 234
(0, 0, 0)
(0, 0, 1)
(0, 0, -1)
(0, 1, 0)
addr: 638
(0, 0, 0)
(0, 0, 1)
(0, 0, -1)
(0, 1, 0)
addr: 3b8
(0, 0, 0)
(0, 0, 1)
(0, 0, -1)
(0, 1, 0)
addr: 4b8
(0, 0, 0)
(0, 0, 1)
(0, 0, -1)
(0, 1, 0)
addr: 550
(0, 0, 0)
(0, 0, 1)
(0, 0, -1)
(0, 1, 0)
addr: 478
(0, 0, 0)
(0, 0, 1)
(0, 0, -1)
(0, 1, 0)
addr: 354
(0, 0, 0)
(0, 0, 1)
(0, 0, -1)
(0, 1, 0)
addr: 2b4
(0, 0, 0)
(0, 0, 1)
(0, 0, -1)
(0, 1, 0)
addr: 6b8
(0, 0, 0)
(0, 0, 1)
(0, 0, -1)
(0, 1, 0)
addr: 270
(0, 0, 0)
(0, 0, 1)
(0, 0, -1)
(0, 1, 0)
addr: 524
(0, 0, 0)
(0, 0, 1)
(0, 0, -1)
(0, 1, 0)
addr: 6d8
(0, 0, 0)
(0, 0, 1)
(0, 0, -1)
(0, 1, 0)
addr: 378
(0, 0, 0)
(0, 0, 1)
(0, 0, -1)
(0, 1, 0)
addr: 2d8
(0, 0, 0)
(0, 0, 1)
(0, 0, -1)
(0, 1, 0)
COMPLETED TEST IN 11088 CYCLES
Stencil reads: 216
Bytes read: 3456 bytes
Bytes written: 216 bytes
Simulated time: 5.5440 us
SUCCESS : FREE'D HMCSIM
