#---------------------------------------------------------
# HMC-SIM VERSION : 3.0
# DATE: 21/02/2018 14:45
#---------------------------------------------------------
# HMC_NUM_DEVICES       = 1
# HMC_NUM_LINKS         = 4
# HMC_NUM_QUADS         = 4
# HMC_NUM_VAULTS        = 32
# HMC_NUM_BANKS         = 16
# HMC_NUM_DRAMS         = 20
# HMC_CAPACITY_GB       = 4
# HMC_VAULT_QUEUE_DEPTH = 64
# HMC_XBAR_QUEUE_DEPTH  = 128
#---------------------------------------------------------
# LINK_PHY           = 0.100000
# LINK_LOCAL_ROUTE   = 0.100000
# LINK_REMOTE_ROUTE  = 0.100000
# XBAR_RQST_SLOT     = 0.100000
# XBAR_RSP_SLOT      = 0.100000
# XBAR_ROUTE_EXTERN  = 0.100000
# VAULT_RQST_SLOT    = 0.100000
# VAULT_RSP_SLOT     = 0.100000
# VAULT_CTRL         = 0.100000
# ROW_ACCESS         = 0.100000
#---------------------------------------------------------
#---------------------------------------------------------
# CMC_OP:CMC_STR:RQST_LEN:RSP_LEN:RSP_CMD_CODE
#4:DYNAMIC_TEMPLATE_OP:1:2:0
#---------------------------------------------------------
HMCSIM_TRACE : 0 : XBAR_LATENCY : 0:0:0:1:3
HMCSIM_TRACE : 0 : DYNAMIC_TEMPLATE_OP : 0:1:3:3:0x000000000005b5b0:1
HMCSIM_TRACE : 4 : XBAR_LATENCY : 0:0:0:1:3
HMCSIM_TRACE : 4 : PACKET_LATENCY : 1:4
